Requirement already satisfied: botorch==0.6.0 in /home/jmena01/CONSULTANT/.BayesianOptimisation/lib/python3.12/site-packages (from -r requirements.txt (line 1)) (0.6.0)
Requirement already satisfied: gpytorch==1.6.0 in /home/jmena01/CONSULTANT/.BayesianOptimisation/lib/python3.12/site-packages (from -r requirements.txt (line 2)) (1.6.0)
Requirement already satisfied: jupyter==1.0.0 in /home/jmena01/CONSULTANT/.BayesianOptimisation/lib/python3.12/site-packages (from -r requirements.txt (line 3)) (1.0.0)
Requirement already satisfied: jupyterlab==3.2.5 in /home/jmena01/CONSULTANT/.BayesianOptimisation/lib/python3.12/site-packages (from -r requirements.txt (line 4)) (3.2.5)
Requirement already satisfied: notebook==6.4.6 in /home/jmena01/CONSULTANT/.BayesianOptimisation/lib/python3.12/site-packages (from -r requirements.txt (line 6)) (6.4.6)
Requirement already satisfied: numpy==2.4.6 in /home/jmena01/CONSULTANT/.BayesianOptimisation/lib/python3.12/site-packages (from -r requirements.txt (line 7)) (2.4.6)
Requirement already satisfied: pandas==3.0.3 in /home/jmena01/CONSULTANT/.BayesianOptimisation/lib/python3.12/site-packages (from -r requirements.txt (line 8)) (3.0.3)
Requirement already satisfied: scikit-learn==1.9.0 in /home/jmena01/CONSULTANT/.BayesianOptimisation/lib/python3.12/site-packages (from -r requirements.txt (line 9)) (1.9.0)
Requirement already satisfied: scipy==1.17.1 in /home/jmena01/CONSULTANT/.BayesianOptimisation/lib/python3.12/site-packages (from -r requirements.txt (line 10)) (1.17.1)
Requirement already satisfied: seaborn==0.13.2 in /home/jmena01/CONSULTANT/.BayesianOptimisation/lib/python3.12/site-packages (from -r requirements.txt (line 11)) (0.13.2)
Requirement already satisfied: torch==2.12.0 in /home/jmena01/CONSULTANT/.BayesianOptimisation/lib/python3.12/site-packages (from -r requirements.txt (line 12)) (2.12.0)
Requirement already satisfied: torchvision==0.27.0 in /home/jmena01/CONSULTANT/.BayesianOptimisation/lib/python3.12/site-packages (from -r requirements.txt (line 13)) (0.27.0)
Requirement already satisfied: tqdm==4.62.3 in /home/jmena01/CONSULTANT/.BayesianOptimisation/lib/python3.12/site-packages (from -r requirements.txt (line 14)) (4.62.3)
Requirement already satisfied: qtconsole in /home/jmena01/CONSULTANT/.BayesianOptimisation/lib/python3.12/site-packages (from jupyter==1.0.0->-r requirements.txt (line 3)) (5.7.2)
Requirement already satisfied: jupyter-console in /home/jmena01/CONSULTANT/.BayesianOptimisation/lib/python3.12/site-packages (from jupyter==1.0.0->-r requirements.txt (line 3)) (6.6.3)
Requirement already satisfied: nbconvert in /home/jmena01/CONSULTANT/.BayesianOptimisation/lib/python3.12/site-packages (from jupyter==1.0.0->-r requirements.txt (line 3)) (7.17.1)
Requirement already satisfied: ipykernel in /home/jmena01/CONSULTANT/.BayesianOptimisation/lib/python3.12/site-packages (from jupyter==1.0.0->-r requirements.txt (line 3)) (7.3.0)
Requirement already satisfied: ipywidgets in /home/jmena01/CONSULTANT/.BayesianOptimisation/lib/python3.12/site-packages (from jupyter==1.0.0->-r requirements.txt (line 3)) (8.1.8)
Requirement already satisfied: ipython in /home/jmena01/CONSULTANT/.BayesianOptimisation/lib/python3.12/site-packages (from jupyterlab==3.2.5->-r requirements.txt (line 4)) (9.14.1)
Requirement already satisfied: packaging in /home/jmena01/CONSULTANT/.BayesianOptimisation/lib/python3.12/site-packages (from jupyterlab==3.2.5->-r requirements.txt (line 4)) (26.2)
Requirement already satisfied: tornado>=6.1.0 in /home/jmena01/CONSULTANT/.BayesianOptimisation/lib/python3.12/site-packages (from jupyterlab==3.2.5->-r requirements.txt (line 4)) (6.5.7)
Requirement already satisfied: jupyter-core in /home/jmena01/CONSULTANT/.BayesianOptimisation/lib/python3.12/site-packages (from jupyterlab==3.2.5->-r requirements.txt (line 4)) (5.9.1)
Requirement already satisfied: jupyterlab-server~=2.3 in /home/jmena01/CONSULTANT/.BayesianOptimisation/lib/python3.12/site-packages (from jupyterlab==3.2.5->-r requirements.txt (line 4)) (2.28.0)
Requirement already satisfied: jupyter-server~=1.4 in /home/jmena01/CONSULTANT/.BayesianOptimisation/lib/python3.12/site-packages (from jupyterlab==3.2.5->-r requirements.txt (line 4)) (1.24.0)
Requirement already satisfied: nbclassic~=0.2 in /home/jmena01/CONSULTANT/.BayesianOptimisation/lib/python3.12/site-packages (from jupyterlab==3.2.5->-r requirements.txt (line 4)) (0.5.6)
Requirement already satisfied: jinja2>=2.1 in /home/jmena01/CONSULTANT/.BayesianOptimisation/lib/python3.12/site-packages (from jupyterlab==3.2.5->-r requirements.txt (line 4)) (3.1.6)
Requirement already satisfied: pyzmq>=17 in /home/jmena01/CONSULTANT/.BayesianOptimisation/lib/python3.12/site-packages (from notebook==6.4.6->-r requirements.txt (line 6)) (27.1.0)
Requirement already satisfied: argon2-cffi in /home/jmena01/CONSULTANT/.BayesianOptimisation/lib/python3.12/site-packages (from notebook==6.4.6->-r requirements.txt (line 6)) (25.1.0)
Requirement already satisfied: ipython-genutils in /home/jmena01/CONSULTANT/.BayesianOptimisation/lib/python3.12/site-packages (from notebook==6.4.6->-r requirements.txt (line 6)) (0.2.0)
Requirement already satisfied: traitlets>=4.2.1 in /home/jmena01/CONSULTANT/.BayesianOptimisation/lib/python3.12/site-packages (from notebook==6.4.6->-r requirements.txt (line 6)) (5.15.1)
Requirement already satisfied: jupyter-client>=5.3.4 in /home/jmena01/CONSULTANT/.BayesianOptimisation/lib/python3.12/site-packages (from notebook==6.4.6->-r requirements.txt (line 6)) (8.9.1)
Requirement already satisfied: nbformat in /home/jmena01/CONSULTANT/.BayesianOptimisation/lib/python3.12/site-packages (from notebook==6.4.6->-r requirements.txt (line 6)) (5.10.4)
Requirement already satisfied: nest-asyncio>=1.5 in /home/jmena01/CONSULTANT/.BayesianOptimisation/lib/python3.12/site-packages (from notebook==6.4.6->-r requirements.txt (line 6)) (1.6.0)
Requirement already satisfied: Send2Trash>=1.8.0 in /home/jmena01/CONSULTANT/.BayesianOptimisation/lib/python3.12/site-packages (from notebook==6.4.6->-r requirements.txt (line 6)) (2.1.0)
Requirement already satisfied: terminado>=0.8.3 in /home/jmena01/CONSULTANT/.BayesianOptimisation/lib/python3.12/site-packages (from notebook==6.4.6->-r requirements.txt (line 6)) (0.18.1)
Requirement already satisfied: prometheus-client in /home/jmena01/CONSULTANT/.BayesianOptimisation/lib/python3.12/site-packages (from notebook==6.4.6->-r requirements.txt (line 6)) (0.25.0)
Requirement already satisfied: python-dateutil>=2.8.2 in /home/jmena01/CONSULTANT/.BayesianOptimisation/lib/python3.12/site-packages (from pandas==3.0.3->-r requirements.txt (line 8)) (2.9.0.post0)
Requirement already satisfied: joblib>=1.4.0 in /home/jmena01/CONSULTANT/.BayesianOptimisation/lib/python3.12/site-packages (from scikit-learn==1.9.0->-r requirements.txt (line 9)) (1.5.3)
Requirement already satisfied: narwhals>=2.0.1 in /home/jmena01/CONSULTANT/.BayesianOptimisation/lib/python3.12/site-packages (from scikit-learn==1.9.0->-r requirements.txt (line 9)) (2.22.1)
Requirement already satisfied: threadpoolctl>=3.5.0 in /home/jmena01/CONSULTANT/.BayesianOptimisation/lib/python3.12/site-packages (from scikit-learn==1.9.0->-r requirements.txt (line 9)) (3.6.0)
Requirement already satisfied: matplotlib!=3.6.1,>=3.4 in /home/jmena01/CONSULTANT/.BayesianOptimisation/lib/python3.12/site-packages (from seaborn==0.13.2->-r requirements.txt (line 11)) (3.11.0)
Requirement already satisfied: filelock in /home/jmena01/CONSULTANT/.BayesianOptimisation/lib/python3.12/site-packages (from torch==2.12.0->-r requirements.txt (line 12)) (3.29.4)
Requirement already satisfied: typing-extensions>=4.10.0 in /home/jmena01/CONSULTANT/.BayesianOptimisation/lib/python3.12/site-packages (from torch==2.12.0->-r requirements.txt (line 12)) (4.15.0)
Requirement already satisfied: setuptools<82 in /home/jmena01/CONSULTANT/.BayesianOptimisation/lib/python3.12/site-packages (from torch==2.12.0->-r requirements.txt (line 12)) (81.0.0)
Requirement already satisfied: sympy>=1.13.3 in /home/jmena01/CONSULTANT/.BayesianOptimisation/lib/python3.12/site-packages (from torch==2.12.0->-r requirements.txt (line 12)) (1.14.0)
Requirement already satisfied: networkx>=2.5.1 in /home/jmena01/CONSULTANT/.BayesianOptimisation/lib/python3.12/site-packages (from torch==2.12.0->-r requirements.txt (line 12)) (3.6.1)
Requirement already satisfied: fsspec>=0.8.5 in /home/jmena01/CONSULTANT/.BayesianOptimisation/lib/python3.12/site-packages (from torch==2.12.0->-r requirements.txt (line 12)) (2026.6.0)
Requirement already satisfied: cuda-toolkit==13.0.2 in /home/jmena01/CONSULTANT/.BayesianOptimisation/lib/python3.12/site-packages (from cuda-toolkit[cudart,cufft,cufile,cupti,curand,cusolver,cusparse,nvjitlink,nvrtc,nvtx]==13.0.2; platform_system == "Linux"->torch==2.12.0->-r requirements.txt (line 12)) (13.0.2)
Requirement already satisfied: nvidia-cublas<=13.1.1.3,>=13.1.0.3 in /home/jmena01/CONSULTANT/.BayesianOptimisation/lib/python3.12/site-packages (from torch==2.12.0->-r requirements.txt (line 12)) (13.1.1.3)
Requirement already satisfied: cuda-bindings<14,>=13.0.3 in /home/jmena01/CONSULTANT/.BayesianOptimisation/lib/python3.12/site-packages (from torch==2.12.0->-r requirements.txt (line 12)) (13.3.1)
Requirement already satisfied: nvidia-cudnn-cu13==9.20.0.48 in /home/jmena01/CONSULTANT/.BayesianOptimisation/lib/python3.12/site-packages (from torch==2.12.0->-r requirements.txt (line 12)) (9.20.0.48)
Requirement already satisfied: nvidia-cusparselt-cu13==0.8.1 in /home/jmena01/CONSULTANT/.BayesianOptimisation/lib/python3.12/site-packages (from torch==2.12.0->-r requirements.txt (line 12)) (0.8.1)
Requirement already satisfied: nvidia-nccl-cu13==2.29.7 in /home/jmena01/CONSULTANT/.BayesianOptimisation/lib/python3.12/site-packages (from torch==2.12.0->-r requirements.txt (line 12)) (2.29.7)
Requirement already satisfied: nvidia-nvshmem-cu13==3.4.5 in /home/jmena01/CONSULTANT/.BayesianOptimisation/lib/python3.12/site-packages (from torch==2.12.0->-r requirements.txt (line 12)) (3.4.5)
Requirement already satisfied: triton==3.7.0 in /home/jmena01/CONSULTANT/.BayesianOptimisation/lib/python3.12/site-packages (from torch==2.12.0->-r requirements.txt (line 12)) (3.7.0)
Requirement already satisfied: pillow!=8.3.*,>=5.3.0 in /home/jmena01/CONSULTANT/.BayesianOptimisation/lib/python3.12/site-packages (from torchvision==0.27.0->-r requirements.txt (line 13)) (12.2.0)
Requirement already satisfied: nvidia-cuda-runtime==13.0.96.* in /home/jmena01/CONSULTANT/.BayesianOptimisation/lib/python3.12/site-packages (from cuda-toolkit[cudart,cufft,cufile,cupti,curand,cusolver,cusparse,nvjitlink,nvrtc,nvtx]==13.0.2; platform_system == "Linux"->torch==2.12.0->-r requirements.txt (line 12)) (13.0.96)
Requirement already satisfied: nvidia-cufft==12.0.0.61.* in /home/jmena01/CONSULTANT/.BayesianOptimisation/lib/python3.12/site-packages (from cuda-toolkit[cudart,cufft,cufile,cupti,curand,cusolver,cusparse,nvjitlink,nvrtc,nvtx]==13.0.2; platform_system == "Linux"->torch==2.12.0->-r requirements.txt (line 12)) (12.0.0.61)
Requirement already satisfied: nvidia-cufile==1.15.1.6.* in /home/jmena01/CONSULTANT/.BayesianOptimisation/lib/python3.12/site-packages (from cuda-toolkit[cudart,cufft,cufile,cupti,curand,cusolver,cusparse,nvjitlink,nvrtc,nvtx]==13.0.2; platform_system == "Linux"->torch==2.12.0->-r requirements.txt (line 12)) (1.15.1.6)
Requirement already satisfied: nvidia-cuda-cupti==13.0.85.* in /home/jmena01/CONSULTANT/.BayesianOptimisation/lib/python3.12/site-packages (from cuda-toolkit[cudart,cufft,cufile,cupti,curand,cusolver,cusparse,nvjitlink,nvrtc,nvtx]==13.0.2; platform_system == "Linux"->torch==2.12.0->-r requirements.txt (line 12)) (13.0.85)
Requirement already satisfied: nvidia-curand==10.4.0.35.* in /home/jmena01/CONSULTANT/.BayesianOptimisation/lib/python3.12/site-packages (from cuda-toolkit[cudart,cufft,cufile,cupti,curand,cusolver,cusparse,nvjitlink,nvrtc,nvtx]==13.0.2; platform_system == "Linux"->torch==2.12.0->-r requirements.txt (line 12)) (10.4.0.35)
Requirement already satisfied: nvidia-cusolver==12.0.4.66.* in /home/jmena01/CONSULTANT/.BayesianOptimisation/lib/python3.12/site-packages (from cuda-toolkit[cudart,cufft,cufile,cupti,curand,cusolver,cusparse,nvjitlink,nvrtc,nvtx]==13.0.2; platform_system == "Linux"->torch==2.12.0->-r requirements.txt (line 12)) (12.0.4.66)
Requirement already satisfied: nvidia-cusparse==12.6.3.3.* in /home/jmena01/CONSULTANT/.BayesianOptimisation/lib/python3.12/site-packages (from cuda-toolkit[cudart,cufft,cufile,cupti,curand,cusolver,cusparse,nvjitlink,nvrtc,nvtx]==13.0.2; platform_system == "Linux"->torch==2.12.0->-r requirements.txt (line 12)) (12.6.3.3)
Requirement already satisfied: nvidia-nvjitlink==13.0.88.* in /home/jmena01/CONSULTANT/.BayesianOptimisation/lib/python3.12/site-packages (from cuda-toolkit[cudart,cufft,cufile,cupti,curand,cusolver,cusparse,nvjitlink,nvrtc,nvtx]==13.0.2; platform_system == "Linux"->torch==2.12.0->-r requirements.txt (line 12)) (13.0.88)
Requirement already satisfied: nvidia-cuda-nvrtc==13.0.88.* in /home/jmena01/CONSULTANT/.BayesianOptimisation/lib/python3.12/site-packages (from cuda-toolkit[cudart,cufft,cufile,cupti,curand,cusolver,cusparse,nvjitlink,nvrtc,nvtx]==13.0.2; platform_system == "Linux"->torch==2.12.0->-r requirements.txt (line 12)) (13.0.88)
Requirement already satisfied: nvidia-nvtx==13.0.85.* in /home/jmena01/CONSULTANT/.BayesianOptimisation/lib/python3.12/site-packages (from cuda-toolkit[cudart,cufft,cufile,cupti,curand,cusolver,cusparse,nvjitlink,nvrtc,nvtx]==13.0.2; platform_system == "Linux"->torch==2.12.0->-r requirements.txt (line 12)) (13.0.85)
Requirement already satisfied: cuda-pathfinder>=1.4.2 in /home/jmena01/CONSULTANT/.BayesianOptimisation/lib/python3.12/site-packages (from cuda-bindings<14,>=13.0.3->torch==2.12.0->-r requirements.txt (line 12)) (1.5.5)
Requirement already satisfied: MarkupSafe>=2.0 in /home/jmena01/CONSULTANT/.BayesianOptimisation/lib/python3.12/site-packages (from jinja2>=2.1->jupyterlab==3.2.5->-r requirements.txt (line 4)) (3.0.3)
Requirement already satisfied: platformdirs>=2.5 in /home/jmena01/CONSULTANT/.BayesianOptimisation/lib/python3.12/site-packages (from jupyter-core->jupyterlab==3.2.5->-r requirements.txt (line 4)) (4.10.0)
Requirement already satisfied: anyio<4,>=3.1.0 in /home/jmena01/CONSULTANT/.BayesianOptimisation/lib/python3.12/site-packages (from jupyter-server~=1.4->jupyterlab==3.2.5->-r requirements.txt (line 4)) (3.7.1)
Requirement already satisfied: websocket-client in /home/jmena01/CONSULTANT/.BayesianOptimisation/lib/python3.12/site-packages (from jupyter-server~=1.4->jupyterlab==3.2.5->-r requirements.txt (line 4)) (1.9.0)
Requirement already satisfied: babel>=2.10 in /home/jmena01/CONSULTANT/.BayesianOptimisation/lib/python3.12/site-packages (from jupyterlab-server~=2.3->jupyterlab==3.2.5->-r requirements.txt (line 4)) (2.18.0)
Requirement already satisfied: json5>=0.9.0 in /home/jmena01/CONSULTANT/.BayesianOptimisation/lib/python3.12/site-packages (from jupyterlab-server~=2.3->jupyterlab==3.2.5->-r requirements.txt (line 4)) (0.14.0)
Requirement already satisfied: jsonschema>=4.18.0 in /home/jmena01/CONSULTANT/.BayesianOptimisation/lib/python3.12/site-packages (from jupyterlab-server~=2.3->jupyterlab==3.2.5->-r requirements.txt (line 4)) (4.26.0)
Requirement already satisfied: requests>=2.31 in /home/jmena01/CONSULTANT/.BayesianOptimisation/lib/python3.12/site-packages (from jupyterlab-server~=2.3->jupyterlab==3.2.5->-r requirements.txt (line 4)) (2.34.2)
Requirement already satisfied: contourpy>=1.0.1 in /home/jmena01/CONSULTANT/.BayesianOptimisation/lib/python3.12/site-packages (from matplotlib!=3.6.1,>=3.4->seaborn==0.13.2->-r requirements.txt (line 11)) (1.3.3)
Requirement already satisfied: cycler>=0.10 in /home/jmena01/CONSULTANT/.BayesianOptimisation/lib/python3.12/site-packages (from matplotlib!=3.6.1,>=3.4->seaborn==0.13.2->-r requirements.txt (line 11)) (0.12.1)
Requirement already satisfied: fonttools>=4.22.0 in /home/jmena01/CONSULTANT/.BayesianOptimisation/lib/python3.12/site-packages (from matplotlib!=3.6.1,>=3.4->seaborn==0.13.2->-r requirements.txt (line 11)) (4.63.0)
Requirement already satisfied: kiwisolver>=1.3.1 in /home/jmena01/CONSULTANT/.BayesianOptimisation/lib/python3.12/site-packages (from matplotlib!=3.6.1,>=3.4->seaborn==0.13.2->-r requirements.txt (line 11)) (1.5.0)
Requirement already satisfied: pyparsing>=3 in /home/jmena01/CONSULTANT/.BayesianOptimisation/lib/python3.12/site-packages (from matplotlib!=3.6.1,>=3.4->seaborn==0.13.2->-r requirements.txt (line 11)) (3.3.2)
Requirement already satisfied: notebook-shim>=0.2.3 in /home/jmena01/CONSULTANT/.BayesianOptimisation/lib/python3.12/site-packages (from nbclassic~=0.2->jupyterlab==3.2.5->-r requirements.txt (line 4)) (0.2.4)
Requirement already satisfied: beautifulsoup4 in /home/jmena01/CONSULTANT/.BayesianOptimisation/lib/python3.12/site-packages (from nbconvert->jupyter==1.0.0->-r requirements.txt (line 3)) (4.15.0)
Requirement already satisfied: bleach!=5.0.0 in /home/jmena01/CONSULTANT/.BayesianOptimisation/lib/python3.12/site-packages (from bleach[css]!=5.0.0->nbconvert->jupyter==1.0.0->-r requirements.txt (line 3)) (6.4.0)
Requirement already satisfied: defusedxml in /home/jmena01/CONSULTANT/.BayesianOptimisation/lib/python3.12/site-packages (from nbconvert->jupyter==1.0.0->-r requirements.txt (line 3)) (0.7.1)
Requirement already satisfied: jupyterlab-pygments in /home/jmena01/CONSULTANT/.BayesianOptimisation/lib/python3.12/site-packages (from nbconvert->jupyter==1.0.0->-r requirements.txt (line 3)) (0.3.0)
Requirement already satisfied: mistune<4,>=2.0.3 in /home/jmena01/CONSULTANT/.BayesianOptimisation/lib/python3.12/site-packages (from nbconvert->jupyter==1.0.0->-r requirements.txt (line 3)) (3.2.1)
Requirement already satisfied: nbclient>=0.5.0 in /home/jmena01/CONSULTANT/.BayesianOptimisation/lib/python3.12/site-packages (from nbconvert->jupyter==1.0.0->-r requirements.txt (line 3)) (0.11.0)
Requirement already satisfied: pandocfilters>=1.4.1 in /home/jmena01/CONSULTANT/.BayesianOptimisation/lib/python3.12/site-packages (from nbconvert->jupyter==1.0.0->-r requirements.txt (line 3)) (1.5.1)
Requirement already satisfied: pygments>=2.4.1 in /home/jmena01/CONSULTANT/.BayesianOptimisation/lib/python3.12/site-packages (from nbconvert->jupyter==1.0.0->-r requirements.txt (line 3)) (2.20.0)
Requirement already satisfied: fastjsonschema>=2.15 in /home/jmena01/CONSULTANT/.BayesianOptimisation/lib/python3.12/site-packages (from nbformat->notebook==6.4.6->-r requirements.txt (line 6)) (2.21.2)
Requirement already satisfied: six>=1.5 in /home/jmena01/CONSULTANT/.BayesianOptimisation/lib/python3.12/site-packages (from python-dateutil>=2.8.2->pandas==3.0.3->-r requirements.txt (line 8)) (1.17.0)
Requirement already satisfied: mpmath<1.4,>=1.1.0 in /home/jmena01/CONSULTANT/.BayesianOptimisation/lib/python3.12/site-packages (from sympy>=1.13.3->torch==2.12.0->-r requirements.txt (line 12)) (1.3.0)
Requirement already satisfied: ptyprocess in /home/jmena01/CONSULTANT/.BayesianOptimisation/lib/python3.12/site-packages (from terminado>=0.8.3->notebook==6.4.6->-r requirements.txt (line 6)) (0.7.0)
Requirement already satisfied: argon2-cffi-bindings in /home/jmena01/CONSULTANT/.BayesianOptimisation/lib/python3.12/site-packages (from argon2-cffi->notebook==6.4.6->-r requirements.txt (line 6)) (25.1.0)
Requirement already satisfied: comm>=0.1.1 in /home/jmena01/CONSULTANT/.BayesianOptimisation/lib/python3.12/site-packages (from ipykernel->jupyter==1.0.0->-r requirements.txt (line 3)) (0.2.3)
Requirement already satisfied: debugpy>=1.6.5 in /home/jmena01/CONSULTANT/.BayesianOptimisation/lib/python3.12/site-packages (from ipykernel->jupyter==1.0.0->-r requirements.txt (line 3)) (1.8.21)
Requirement already satisfied: matplotlib-inline>=0.1 in /home/jmena01/CONSULTANT/.BayesianOptimisation/lib/python3.12/site-packages (from ipykernel->jupyter==1.0.0->-r requirements.txt (line 3)) (0.2.2)
Requirement already satisfied: nest-asyncio2>=1.7.0 in /home/jmena01/CONSULTANT/.BayesianOptimisation/lib/python3.12/site-packages (from ipykernel->jupyter==1.0.0->-r requirements.txt (line 3)) (1.7.2)
Requirement already satisfied: psutil>=5.7 in /home/jmena01/CONSULTANT/.BayesianOptimisation/lib/python3.12/site-packages (from ipykernel->jupyter==1.0.0->-r requirements.txt (line 3)) (7.2.2)
Requirement already satisfied: decorator>=5.1.0 in /home/jmena01/CONSULTANT/.BayesianOptimisation/lib/python3.12/site-packages (from ipython->jupyterlab==3.2.5->-r requirements.txt (line 4)) (5.3.1)
Requirement already satisfied: ipython-pygments-lexers>=1.0.0 in /home/jmena01/CONSULTANT/.BayesianOptimisation/lib/python3.12/site-packages (from ipython->jupyterlab==3.2.5->-r requirements.txt (line 4)) (1.1.1)
Requirement already satisfied: jedi>=0.18.2 in /home/jmena01/CONSULTANT/.BayesianOptimisation/lib/python3.12/site-packages (from ipython->jupyterlab==3.2.5->-r requirements.txt (line 4)) (0.20.0)
Requirement already satisfied: pexpect>4.6 in /home/jmena01/CONSULTANT/.BayesianOptimisation/lib/python3.12/site-packages (from ipython->jupyterlab==3.2.5->-r requirements.txt (line 4)) (4.9.0)
Requirement already satisfied: prompt_toolkit<3.1.0,>=3.0.41 in /home/jmena01/CONSULTANT/.BayesianOptimisation/lib/python3.12/site-packages (from ipython->jupyterlab==3.2.5->-r requirements.txt (line 4)) (3.0.52)
Requirement already satisfied: stack_data>=0.6.0 in /home/jmena01/CONSULTANT/.BayesianOptimisation/lib/python3.12/site-packages (from ipython->jupyterlab==3.2.5->-r requirements.txt (line 4)) (0.6.3)
Requirement already satisfied: widgetsnbextension~=4.0.14 in /home/jmena01/CONSULTANT/.BayesianOptimisation/lib/python3.12/site-packages (from ipywidgets->jupyter==1.0.0->-r requirements.txt (line 3)) (4.0.15)
Requirement already satisfied: jupyterlab_widgets~=3.0.15 in /home/jmena01/CONSULTANT/.BayesianOptimisation/lib/python3.12/site-packages (from ipywidgets->jupyter==1.0.0->-r requirements.txt (line 3)) (3.0.16)
Requirement already satisfied: qtpy>=2.4.0 in /home/jmena01/CONSULTANT/.BayesianOptimisation/lib/python3.12/site-packages (from qtconsole->jupyter==1.0.0->-r requirements.txt (line 3)) (2.4.3)
Requirement already satisfied: idna>=2.8 in /home/jmena01/CONSULTANT/.BayesianOptimisation/lib/python3.12/site-packages (from anyio<4,>=3.1.0->jupyter-server~=1.4->jupyterlab==3.2.5->-r requirements.txt (line 4)) (3.18)
Requirement already satisfied: sniffio>=1.1 in /home/jmena01/CONSULTANT/.BayesianOptimisation/lib/python3.12/site-packages (from anyio<4,>=3.1.0->jupyter-server~=1.4->jupyterlab==3.2.5->-r requirements.txt (line 4)) (1.3.1)
Requirement already satisfied: webencodings in /home/jmena01/CONSULTANT/.BayesianOptimisation/lib/python3.12/site-packages (from bleach!=5.0.0->bleach[css]!=5.0.0->nbconvert->jupyter==1.0.0->-r requirements.txt (line 3)) (0.5.1)
Requirement already satisfied: tinycss2>=1.1.0 in /home/jmena01/CONSULTANT/.BayesianOptimisation/lib/python3.12/site-packages (from bleach[css]!=5.0.0->nbconvert->jupyter==1.0.0->-r requirements.txt (line 3)) (1.5.1)
Requirement already satisfied: parso<0.9.0,>=0.8.6 in /home/jmena01/CONSULTANT/.BayesianOptimisation/lib/python3.12/site-packages (from jedi>=0.18.2->ipython->jupyterlab==3.2.5->-r requirements.txt (line 4)) (0.8.7)
Requirement already satisfied: attrs>=22.2.0 in /home/jmena01/CONSULTANT/.BayesianOptimisation/lib/python3.12/site-packages (from jsonschema>=4.18.0->jupyterlab-server~=2.3->jupyterlab==3.2.5->-r requirements.txt (line 4)) (26.1.0)
Requirement already satisfied: jsonschema-specifications>=2023.03.6 in /home/jmena01/CONSULTANT/.BayesianOptimisation/lib/python3.12/site-packages (from jsonschema>=4.18.0->jupyterlab-server~=2.3->jupyterlab==3.2.5->-r requirements.txt (line 4)) (2025.9.1)
Requirement already satisfied: referencing>=0.28.4 in /home/jmena01/CONSULTANT/.BayesianOptimisation/lib/python3.12/site-packages (from jsonschema>=4.18.0->jupyterlab-server~=2.3->jupyterlab==3.2.5->-r requirements.txt (line 4)) (0.37.0)
Requirement already satisfied: rpds-py>=0.25.0 in /home/jmena01/CONSULTANT/.BayesianOptimisation/lib/python3.12/site-packages (from jsonschema>=4.18.0->jupyterlab-server~=2.3->jupyterlab==3.2.5->-r requirements.txt (line 4)) (2026.5.1)
Requirement already satisfied: wcwidth in /home/jmena01/CONSULTANT/.BayesianOptimisation/lib/python3.12/site-packages (from prompt_toolkit<3.1.0,>=3.0.41->ipython->jupyterlab==3.2.5->-r requirements.txt (line 4)) (0.8.1)
Requirement already satisfied: charset_normalizer<4,>=2 in /home/jmena01/CONSULTANT/.BayesianOptimisation/lib/python3.12/site-packages (from requests>=2.31->jupyterlab-server~=2.3->jupyterlab==3.2.5->-r requirements.txt (line 4)) (3.4.7)
Requirement already satisfied: urllib3<3,>=1.26 in /home/jmena01/CONSULTANT/.BayesianOptimisation/lib/python3.12/site-packages (from requests>=2.31->jupyterlab-server~=2.3->jupyterlab==3.2.5->-r requirements.txt (line 4)) (2.7.0)
Requirement already satisfied: certifi>=2023.5.7 in /home/jmena01/CONSULTANT/.BayesianOptimisation/lib/python3.12/site-packages (from requests>=2.31->jupyterlab-server~=2.3->jupyterlab==3.2.5->-r requirements.txt (line 4)) (2026.6.17)
Requirement already satisfied: executing>=1.2.0 in /home/jmena01/CONSULTANT/.BayesianOptimisation/lib/python3.12/site-packages (from stack_data>=0.6.0->ipython->jupyterlab==3.2.5->-r requirements.txt (line 4)) (2.2.1)
Requirement already satisfied: asttokens>=2.1.0 in /home/jmena01/CONSULTANT/.BayesianOptimisation/lib/python3.12/site-packages (from stack_data>=0.6.0->ipython->jupyterlab==3.2.5->-r requirements.txt (line 4)) (3.0.1)
Requirement already satisfied: pure-eval in /home/jmena01/CONSULTANT/.BayesianOptimisation/lib/python3.12/site-packages (from stack_data>=0.6.0->ipython->jupyterlab==3.2.5->-r requirements.txt (line 4)) (0.2.3)
Requirement already satisfied: cffi>=1.0.1 in /home/jmena01/CONSULTANT/.BayesianOptimisation/lib/python3.12/site-packages (from argon2-cffi-bindings->argon2-cffi->notebook==6.4.6->-r requirements.txt (line 6)) (2.0.0)
Requirement already satisfied: soupsieve>=1.6.1 in /home/jmena01/CONSULTANT/.BayesianOptimisation/lib/python3.12/site-packages (from beautifulsoup4->nbconvert->jupyter==1.0.0->-r requirements.txt (line 3)) (2.8.4)
Requirement already satisfied: pycparser in /home/jmena01/CONSULTANT/.BayesianOptimisation/lib/python3.12/site-packages (from cffi>=1.0.1->argon2-cffi-bindings->argon2-cffi->notebook==6.4.6->-r requirements.txt (line 6)) (3.0)
